// Jest Snapshot v1, https://goo.gl/fbAQLP

exports[`<SingleAverageWeaponPage /> loads the data and renders both components with data correctly for a single average weapon page 1`] = `
<div>
  <div
    class="SingleWeaponStyles-sc-sgdo2r-0 jfqnnv"
    data-testid="singleAverageWeaponPageTest"
  >
    <div
      class="single-weapon__content"
    >
      <div
        class="single-weapon__details"
      >
        <div
          class="single-weapon__title-bar"
        >
          <h1
            class="single-weapon__heading"
          >
            ASSAULT RIFLE
          </h1>
        </div>
        <blockquote />
        <div
          class="single-weapon__title-bar"
        >
          <h3
            class="single-weapon__subheading"
          >
            Base Damage
          </h3>
        </div>
        <p>
          54,403
           (Level 40)
        </p>
        <p>
          8,990
           (World Tier 5)
        </p>
        <div
          class="single-weapon__title-bar"
        >
          <h3
            class="single-weapon__subheading"
          >
            Specifications
          </h3>
        </div>
        <p>
          1.55
           x Headshot Multiplier
        </p>
        <p>
          730
           rounds per minute rate of fire
        </p>
        <p>
           
          30
           round magazine
        </p>
        <p>
          3
           modification slots
        </p>
        <p>
          42.2
          % accuracy
        </p>
        <p>
          59.4
          % stability
        </p>
        <p>
          31
          m optimal range
        </p>
        <p>
          69
          m max range
        </p>
        <p>
          2.01
           seconds reload speed
        </p>
        <p>
          3.37
           seconds reload speed (empty magazine)
        </p>
      </div>
      <div
        class="single-weapon__details"
      >
        <div
          class="single-weapon__title-bar"
        >
          <h3
            class="single-weapon__subheading"
          >
            Stats Comparison
          </h3>
        </div>
      </div>
    </div>
    <div
      class="single-weapon__title-bar"
    >
      <h1
        class="single-weapon__heading"
      >
        Compatible Weapon Talents
      </h1>
    </div>
    <div
      class="LinkStyles-sc-13ozdoc-0 cAIPNR"
    >
      <h3
        class="LinkStyles__TitleLink-sc-13ozdoc-1 fwvCaf"
      >
        <a
          href="/talents/weaponTalent/mijqioj898"
        >
          Fake Talent 1
        </a>
      </h3>
      <img
        class="standard-item"
        src="FakeTalent.png"
      />
    </div>
    <div
      class="LinkStyles-sc-13ozdoc-0 cAIPNR"
    >
      <h3
        class="LinkStyles__TitleLink-sc-13ozdoc-1 fwvCaf"
      >
        <a
          href="/talents/weaponTalent/bilwubcoiuqhb75"
        >
          Fake Talent 2
        </a>
      </h3>
      <img
        class="standard-item"
        src="FakeTalent2.png"
      />
    </div>
    <div
      class="LinkStyles-sc-13ozdoc-0 cAIPNR"
    >
      <h3
        class="LinkStyles__TitleLink-sc-13ozdoc-1 fwvCaf"
      >
        <a
          href="/talents/weaponTalent/mijmncOICB6"
        >
          Fake Talent 3
        </a>
      </h3>
      <img
        class="standard-item"
        src="FakeTalent3.png"
      />
    </div>
  </div>
</div>
`;
