// Jest Snapshot v1, https://goo.gl/fbAQLP

exports[`<SingleWeapon /> renders the data correctly for a single weapon 1`] = `
<div>
  <div
    class="single-weapon__content"
  >
    <div
      class="single-weapon__details"
    >
      <div
        class="single-weapon__title-bar"
      >
        <h1
          class="single-weapon__heading"
        >
          Test ACR-E
        </h1>
      </div>
      <blockquote />
      <p>
        Assault Rifle
         
        Test ACR
      </p>
      <div
        class="single-weapon__title-bar"
      >
        <h3
          class="single-weapon__subheading"
        >
          Base Damage
        </h3>
      </div>
      <p>
        53,124
         (Level 40)
      </p>
      <p>
        11,770
         (World Tier 5)
      </p>
      <div
        class="single-weapon__title-bar"
      >
        <h3
          class="single-weapon__subheading"
        >
          Specifications
        </h3>
      </div>
      <p>
        21
        % 
        Damage to Health
      </p>
      <p>
        1.55
         x Headshot Multiplier
      </p>
      <p>
        650
         rounds per minute rate of fire
      </p>
      <p>
        30
         round magazine
      </p>
      <p>
        4
         modification slots
      </p>
      <p>
        61.8
        % accuracy
      </p>
      <p>
        76
        % stability
      </p>
      <p>
        27
        m optimal range
      </p>
      <p>
        105
        m max range
      </p>
      <p>
        2.00
         seconds reload speed
      </p>
      <p>
        2.50
         seconds reload speed (empty magazine)
      </p>
    </div>
    <div
      class="single-weapon__details"
    >
      <div
        class="single-weapon__title-bar"
      >
        <h3
          class="single-weapon__subheading"
        >
          Stats Comparison
        </h3>
      </div>
    </div>
  </div>
</div>
`;
